Microchip MPLAB XC8 Compiler V1.34 ()

Linker command line:

-W-3 --edf=C:\Program Files (x86)\Microchip\xc8\v1.34\dat\en_msgs.txt -cs \
  -h+dist/default/production\Firedetector2.X.production.sym \
  --cmf=dist/default/production\Firedetector2.X.production.cmf -z -Q18F4620 \
  -oC:\Users\thong\AppData\Local\Temp\si4c.6 \
  -Mdist/default/production/Firedetector2.X.production.map -E1 -ver=XC8 \
  -ASTACK=098h-0f7fh -pstack=STACK -ACODE=00h-0FFFFh -ACONST=00h-0FFFFh \
  -ASMALLCONST=01000h-010FFhx240 -AMEDIUMCONST=01000h-0FFFFh \
  -ACOMRAM=01h-07Fh -AABS1=00h-0F7Fh -ABIGRAM=01h-0F7Fh \
  -ARAM=080h-0FFh,0100h-01FFhx14,0F00h-0F7Fh -ABANK0=080h-0FFh \
  -ABANK1=0100h-01FFh -ABANK2=0200h-02FFh -ABANK3=0300h-03FFh \
  -ABANK4=0400h-04FFh -ABANK5=0500h-05FFh -ABANK6=0600h-06FFh \
  -ABANK7=0700h-07FFh -ABANK8=0800h-08FFh -ABANK9=0900h-09FFh \
  -ABANK10=0A00h-0AFFh -ABANK11=0B00h-0BFFh -ABANK12=0C00h-0CFFh \
  -ABANK13=0D00h-0DFFh -ABANK14=0E00h-0EFFh -ABANK15=0F00h-0F7Fh \
  -ASFR=0F80h-0FFFh \
  -preset_vec=00h,intcode=08h,intcodelo,powerup,init,end_init \
  -pramtop=01000h -psmallconst=SMALLCONST -pmediumconst=MEDIUMCONST \
  -pconst=CONST -AFARRAM=00h-00h -ACONFIG=0300000h-030000Dh -pconfig=CONFIG \
  -AIDLOC=0200000h-0200007h -pidloc=IDLOC -AEEDATA=0F00000h-0F003FFh \
  -peeprom_data=EEDATA \
  -prdata=COMRAM,nvrram=COMRAM,nvbit=COMRAM,rbss=COMRAM,rbit=COMRAM \
  -pfarbss=FARRAM,fardata=FARRAM,nvFARRAM=FARRAM \
  -pintsave_regs=BIGRAM,bigbss=BIGRAM,bigdata=BIGRAM -pbss=RAM \
  -pidata=CODE,irdata=CODE,ibigdata=CODE,ifardata=CODE -prparam=COMRAM \
  C:\Users\thong\AppData\Local\Temp\si4c.obj \
  dist/default/production\Firedetector2.X.production.obj 

Object code version is 3.11

Machine type is 18F4620

Call graph: (short form)




                Name                               Link     Load   Length Selector   Space Scale
C:\Users\thong\AppData\Local\Temp\si4c.obj
                end_init                             18       18        4        4       0
                reset_vec                             0        0        4        0       0
                idloc                            200000   200000        8   200000       0
                config                           300000   300000        E   300000       0
dist/default/production\Firedetector2.X.production.obj
                intcode                               8        8       10        4       0
                smallconst                         1000     1000       98      800       0
                text40                             2D7C     2D7C        A      84C       0
                intcode_body                       28A2     28A2       72      84C       0
                text38                             2CA0     2CA0       24      84C       0
                text37                             2CDE     2CDE       18      84C       0
                text36                             2AB0     2AB0       54      84C       0
                text35                             2D32     2D32       12      84C       0
                text34                             2D86     2D86        8      84C       0
                text33                             2CC4     2CC4       1A      84C       0
                text32                             2D20     2D20       12      84C       0
                text31                             2C00     2C00       2E      84C       0
                text30                             2D72     2D72        A      84C       0
                text29                             2D52     2D52        C      84C       0
                text28                             25A2     25A2       C6      84C       0
                text27                             2B94     2B94       3C      84C       0
                text26                             24C0     24C0       E2      84C       0
                text25                             2A54     2A54       5C      84C       0
                text24                             2B04     2B04       4C      84C       0
                text23                             2C56     2C56       26      84C       0
                text22                             2CF6     2CF6       16      84C       0
                text21                             2D68     2D68        A      84C       0
                text20                             2984     2984       70      84C       0
                text19                             2D0C     2D0C       14      84C       0
                text18                             26FE     26FE       96      84C       0
                text17                             2C7C     2C7C       24      84C       0
                text16                             1D8C     1D8C      1C4      84C       0
                text15                             2B50     2B50       44      84C       0
                text14                             23DA     23DA       E6      84C       0
                text13                             2794     2794       8C      84C       0
                text12                             2914     2914       70      84C       0
                text11                             29F4     29F4       60      84C       0
                text10                             21D8     21D8      10A      84C       0
                text9                              20C8     20C8      110      84C       0
                text8                              2668     2668       96      84C       0
                text7                              2820     2820       82      84C       0
                text6                              22E2     22E2       F8      84C       0
                text5                              2C2E     2C2E       28      84C       0
                text4                              1B48     1B48      244      84C       0
                text3                              2D44     2D44        E      84C       0
                text2                              1768     1768      3E0      84C       0
                text1                              1098     1098      6D0      84C       0
                text0                              1F50     1F50      178      84C       0
                cstackCOMRAM                          1        1       63        1       1
                cstackBANK0                          80       80       17       80       1
                bssBANK0                             97       97        1       80       1
                dataCOMRAM                           64       64        A        1       1
                bssCOMRAM                            6E       6E        1        1       1
                cinit                              2BD0     2BD0       30      84C       0
                idataCOMRAM                        2D5E     2D5E        A      84C       0

TOTAL           Name                               Link     Load   Length     Space
        CLASS   STACK          

        CLASS   CODE           
                end_init                             18       18        4         0
                intcode                               8        8       10         0
                reset_vec                             0        0        4         0
                text40                             2D7C     2D7C        A         0
                intcode_body                       28A2     28A2       72         0
                text38                             2CA0     2CA0       24         0
                text37                             2CDE     2CDE       18         0
                text36                             2AB0     2AB0       54         0
                text35                             2D32     2D32       12         0
                text34                             2D86     2D86        8         0
                text33                             2CC4     2CC4       1A         0
                text32                             2D20     2D20       12         0
                text31                             2C00     2C00       2E         0
                text30                             2D72     2D72        A         0
                text29                             2D52     2D52        C         0
                text28                             25A2     25A2       C6         0
                text27                             2B94     2B94       3C         0
                text26                             24C0     24C0       E2         0
                text25                             2A54     2A54       5C         0
                text24                             2B04     2B04       4C         0
                text23                             2C56     2C56       26         0
                text22                             2CF6     2CF6       16         0
                text21                             2D68     2D68        A         0
                text20                             2984     2984       70         0
                text19                             2D0C     2D0C       14         0
                text18                             26FE     26FE       96         0
                text17                             2C7C     2C7C       24         0
                text16                             1D8C     1D8C      1C4         0
                text15                             2B50     2B50       44         0
                text14                             23DA     23DA       E6         0
                text13                             2794     2794       8C         0
                text12                             2914     2914       70         0
                text11                             29F4     29F4       60         0
                text10                             21D8     21D8      10A         0
                text9                              20C8     20C8      110         0
                text8                              2668     2668       96         0
                text7                              2820     2820       82         0
                text6                              22E2     22E2       F8         0
                text5                              2C2E     2C2E       28         0
                text4                              1B48     1B48      244         0
                text3                              2D44     2D44        E         0
                text2                              1768     1768      3E0         0
                text1                              1098     1098      6D0         0
                text0                              1F50     1F50      178         0
                cinit                              2BD0     2BD0       30         0
                idataCOMRAM                        2D5E     2D5E        A         0

        CLASS   CONST          

        CLASS   SMALLCONST     
                smallconst                         1000     1000       98         0

        CLASS   MEDIUMCONST    

        CLASS   COMRAM         
                cstackCOMRAM                          1        1       63         1
                dataCOMRAM                           64       64        A         1
                bssCOMRAM                            6E       6E        1         1

        CLASS   ABS1           

        CLASS   BIGRAM         

        CLASS   RAM            

        CLASS   BANK0          
                cstackBANK0                          80       80       17         1
                bssBANK0                             97       97        1         1

        CLASS   BANK1          

        CLASS   BANK2          

        CLASS   BANK3          

        CLASS   BANK4          

        CLASS   BANK5          

        CLASS   BANK6          

        CLASS   BANK7          

        CLASS   BANK8          

        CLASS   BANK9          

        CLASS   BANK10         

        CLASS   BANK11         

        CLASS   BANK12         

        CLASS   BANK13         

        CLASS   BANK14         

        CLASS   BANK15         

        CLASS   SFR            

        CLASS   FARRAM         

        CLASS   CONFIG         
                config                           300000   300000        E         0

        CLASS   IDLOC          
                idloc                            200000   200000        8         0

        CLASS   EEDATA         



SEGMENTS        Name                           Load    Length   Top    Selector   Space  Class

                reset_vec                      000000  000004  000004         0       0  CODE    
                cstackCOMRAM                   000001  00006E  00006F         1       1  COMRAM  
                intcode                        000008  000014  00001C         4       0  CODE    
                cstackBANK0                    000080  000018  000098        80       1  BANK0   
                smallconst                     001000  000098  001098       800       0  SMALLCON
                text1                          001098  001CF6  002D8E       84C       0  CODE    
                idloc                          200000  000008  200008    200000       0  IDLOC   
                config                         300000  00000E  30000E    300000       0  CONFIG  


UNUSED ADDRESS RANGES

        Name                Unused          Largest block    Delta
        BANK0            000098-0000FF               68
        BANK1            000100-0001FF              100
        BANK10           000A00-000AFF              100
        BANK11           000B00-000BFF              100
        BANK12           000C00-000CFF              100
        BANK13           000D00-000DFF              100
        BANK14           000E00-000EFF              100
        BANK15           000F00-000F7F               80
        BANK2            000200-0002FF              100
        BANK3            000300-0003FF              100
        BANK4            000400-0004FF              100
        BANK5            000500-0005FF              100
        BANK6            000600-0006FF              100
        BANK7            000700-0007FF              100
        BANK8            000800-0008FF              100
        BANK9            000900-0009FF              100
        BIGRAM           00006F-00007F               11
                         000098-000F7F              EE8
        CODE             000004-000007                4
                         00001C-000FFF              FE4
                         002D8E-00FFFF             D272
        COMRAM           00006F-00007F               11
        CONST            000004-000007                4
                         00001C-000FFF              FE4
                         002D8E-00FFFF             D272
        EEDATA           F00000-F003FF              400
        MEDIUMCONST      002D8E-00FFFF             D272
        RAM              000098-000F7F              100
        SFR              000F80-000FFF               80
        SMALLCONST       002D8E-00FFFF              100
        STACK            000098-000F7F              EE8

                                  Symbol Table

?___awdiv                           cstackCOMRAM 000015
?___awmod                           cstackCOMRAM 00000F
?___awtoft                          cstackCOMRAM 000017
?___ftadd                           cstackCOMRAM 00003C
?___ftdiv                           cstackCOMRAM 000032
?___ftmul                           cstackCOMRAM 000023
?___ftneg                           cstackCOMRAM 00000F
?___ftpack                          cstackCOMRAM 00000F
?___ftsub                           cstackCOMRAM 000048
?___fttol                           cstackCOMRAM 000039
?___lldiv                           cstackCOMRAM 00000F
?___llmod                           cstackCOMRAM 00000F
?___lltoft                          cstackCOMRAM 000017
?___lwdiv                           cstackCOMRAM 00000F
?___lwmod                           cstackCOMRAM 00000F
?___wmul                            cstackCOMRAM 00001D
?__div_to_l_                        cstackCOMRAM 00000F
?__tdiv_to_l_                       cstackCOMRAM 00000F
?_fround                            cstackCOMRAM 000032
?_get_full_ADC                      cstackCOMRAM 00000F
?_printf                            cstackCOMRAM 00004E
?_scale                             cstackCOMRAM 000032
Delay_One_Sec@I                     cstackCOMRAM 00000F
Display_Lower_Digit@digit           cstackCOMRAM 00000F
Display_Upper_Digit@bit6            cstackCOMRAM 000011
Display_Upper_Digit@digit           cstackCOMRAM 000010
OpenUSART@config                    cstackCOMRAM 000011
OpenUSART@spbrg                     cstackCOMRAM 00000F
Select_ADC_Channel@channel          cstackCOMRAM 00000F
_ADCON0                             (abs)        000FC2
_ADCON0bits                         (abs)        000FC2
_ADCON1                             (abs)        000FC1
_ADCON2                             (abs)        000FC0
_ADRESH                             (abs)        000FC4
_ADRESL                             (abs)        000FC3
_Activate_Buzzer                    text35       002D32
_CCP2CON                            (abs)        000FBA
_CCPR2L                             (abs)        000FBB
_Deactivate_Buzzer                  text34       002D86
_Delay_One_Sec                      text38       002CA0
_Display_Lower_Digit                text37       002CDE
_Display_Upper_Digit                text36       002AB0
_Do_Flashing                        text31       002C00
_FLASHING                           bssCOMRAM    00006E
_INT0_ISR                           text40       002D7C
_INTCON2bits                        (abs)        000FF1
_INTCONbits                         (abs)        000FF2
_Init_ADC                           text30       002D72
_Manual_Alarm                       bssBANK0     000097
_OSCCON                             (abs)        000FD3
_OpenUSART                          text20       002984
_PIE1bits                           (abs)        000F9D
_PIR1bits                           (abs)        000F9E
_PORTAbits                          (abs)        000F80
_PORTBbits                          (abs)        000F81
_PORTC                              (abs)        000F82
_PORTCbits                          (abs)        000F82
_PORTD                              (abs)        000F83
_PORTDbits                          (abs)        000F83
_PORTE                              (abs)        000F84
_PR2                                (abs)        000FCB
_RBPU                               (abs)        007F8F
_RCSTA                              (abs)        000FAB
_RCSTAbits                          (abs)        000FAB
_SPBRG                              (abs)        000FAF
_SPBRGH                             (abs)        000FB0
_Select_ADC_Channel                 text29       002D52
_T0CON                              (abs)        000FD5
_T0CONbits                          (abs)        000FD5
_T2CON                              (abs)        000FCA
_TMR0H                              (abs)        000FD7
_TMR0L                              (abs)        000FD6
_TRISA                              (abs)        000F92
_TRISB                              (abs)        000F93
_TRISC                              (abs)        000F94
_TRISCbits                          (abs)        000F94
_TRISD                              (abs)        000F95
_TRISE                              (abs)        000F96
_TRMT                               (abs)        007D61
_TXREG                              (abs)        000FAD
_TXSTA                              (abs)        000FAC
_TXSTAbits                          (abs)        000FAC
_Wait_Half_Second                   text33       002CC4
_Wait_One_Second_With_Beep          text32       002D20
__CFG_BOREN$OFF                     (abs)        000000
__CFG_CCP2MX$PORTBE                 (abs)        000000
__CFG_LVP$OFF                       (abs)        000000
__CFG_OSC$INTIO67                   (abs)        000000
__CFG_WDT$OFF                       (abs)        000000
__HRAM                              (abs)        000000
__Habs1                             abs1         000000
__Hbank0                            bank0        000000
__Hbank1                            bank1        000000
__Hbank10                           bank10       000000
__Hbank11                           bank11       000000
__Hbank12                           bank12       000000
__Hbank13                           bank13       000000
__Hbank14                           bank14       000000
__Hbank15                           bank15       000000
__Hbank2                            bank2        000000
__Hbank3                            bank3        000000
__Hbank4                            bank4        000000
__Hbank5                            bank5        000000
__Hbank6                            bank6        000000
__Hbank7                            bank7        000000
__Hbank8                            bank8        000000
__Hbank9                            bank9        000000
__Hbigbss                           bigbss       000000
__Hbigdata                          bigdata      000000
__Hbigram                           bigram       000000
__Hbss                              bss          000000
__HbssBANK0                         bssBANK0     000000
__HbssCOMRAM                        bssCOMRAM    000000
__Hcinit                            cinit        000000
__Hclrtext                          clrtext      000000
__Hcomram                           comram       000000
__Hconfig                           config       30000E
__Hconst                            const        000000
__HcstackBANK0                      cstackBANK0  000000
__HcstackCOMRAM                     cstackCOMRAM 000000
__Hdata                             data         000000
__HdataCOMRAM                       dataCOMRAM   000000
__Heeprom_data                      eeprom_data  000000
__Hend_init                         end_init     00001C
__Hfarbss                           farbss       000000
__Hfardata                          fardata      000000
__Hibigdata                         ibigdata     000000
__Hidata                            idata        000000
__HidataCOMRAM                      idataCOMRAM  000000
__Hidloc                            idloc        200008
__Hifardata                         ifardata     000000
__Hinit                             init         000018
__Hintcode                          intcode      000018
__Hintcode_body                     intcode_body 000000
__Hintcodelo                        intcodelo    000018
__Hintentry                         intentry     000000
__Hintret                           intret       000000
__Hintsave_regs                     intsave_regs 000000
__Hirdata                           irdata       000000
__Hmediumconst                      mediumconst  000000
__HnvFARRAM                         nvFARRAM     000000
__Hnvbit                            nvbit        000000
__Hnvrram                           nvrram       000000
__Hparam                            rparam       000000
__Hpowerup                          powerup      000018
__Hram                              ram          000000
__Hramtop                           ramtop       001000
__Hrbit                             rbit         000000
__Hrbss                             rbss         000000
__Hrdata                            rdata        000000
__Hreset_vec                        reset_vec    000004
__Hrparam                           rparam       000000
__Hsfr                              sfr          000000
__Hsmallconst                       smallconst   001098
__Hspace_0                          (abs)        30000E
__Hspace_1                          (abs)        000098
__Hspace_2                          (abs)        000000
__Hstack                            stack        000000
__Hstruct                           struct       000000
__Htemp                             temp         000000
__Htext                             text         000000
__Htext0                            text0        000000
__Htext1                            text1        000000
__Htext10                           text10       000000
__Htext11                           text11       000000
__Htext12                           text12       000000
__Htext13                           text13       000000
__Htext14                           text14       000000
__Htext15                           text15       000000
__Htext16                           text16       000000
__Htext17                           text17       000000
__Htext18                           text18       000000
__Htext19                           text19       000000
__Htext2                            text2        000000
__Htext20                           text20       000000
__Htext21                           text21       000000
__Htext22                           text22       000000
__Htext23                           text23       000000
__Htext24                           text24       000000
__Htext25                           text25       000000
__Htext26                           text26       000000
__Htext27                           text27       000000
__Htext28                           text28       000000
__Htext29                           text29       000000
__Htext3                            text3        000000
__Htext30                           text30       000000
__Htext31                           text31       000000
__Htext32                           text32       000000
__Htext33                           text33       000000
__Htext34                           text34       000000
__Htext35                           text35       000000
__Htext36                           text36       000000
__Htext37                           text37       000000
__Htext38                           text38       000000
__Htext4                            text4        000000
__Htext40                           text40       000000
__Htext5                            text5        000000
__Htext6                            text6        000000
__Htext7                            text7        000000
__Htext8                            text8        000000
__Htext9                            text9        000000
__LRAM                              (abs)        000001
__Labs1                             abs1         000000
__Lbank0                            bank0        000000
__Lbank1                            bank1        000000
__Lbank10                           bank10       000000
__Lbank11                           bank11       000000
__Lbank12                           bank12       000000
__Lbank13                           bank13       000000
__Lbank14                           bank14       000000
__Lbank15                           bank15       000000
__Lbank2                            bank2        000000
__Lbank3                            bank3        000000
__Lbank4                            bank4        000000
__Lbank5                            bank5        000000
__Lbank6                            bank6        000000
__Lbank7                            bank7        000000
__Lbank8                            bank8        000000
__Lbank9                            bank9        000000
__Lbigbss                           bigbss       000000
__Lbigdata                          bigdata      000000
__Lbigram                           bigram       000000
__Lbss                              bss          000000
__LbssBANK0                         bssBANK0     000000
__LbssCOMRAM                        bssCOMRAM    000000
__Lcinit                            cinit        000000
__Lclrtext                          clrtext      000000
__Lcomram                           comram       000000
__Lconfig                           config       300000
__Lconst                            const        000000
__LcstackBANK0                      cstackBANK0  000000
__LcstackCOMRAM                     cstackCOMRAM 000000
__Ldata                             data         000000
__LdataCOMRAM                       dataCOMRAM   000000
__Leeprom_data                      eeprom_data  000000
__Lend_init                         end_init     000018
__Lfarbss                           farbss       000000
__Lfardata                          fardata      000000
__Libigdata                         ibigdata     000000
__Lidata                            idata        000000
__LidataCOMRAM                      idataCOMRAM  000000
__Lidloc                            idloc        200000
__Lifardata                         ifardata     000000
__Linit                             init         000018
__Lintcode                          intcode      000008
__Lintcode_body                     intcode_body 000000
__Lintcodelo                        intcodelo    000018
__Lintentry                         intentry     000000
__Lintret                           intret       000000
__Lintsave_regs                     intsave_regs 000000
__Lirdata                           irdata       000000
__Lmediumconst                      mediumconst  000000
__LnvFARRAM                         nvFARRAM     000000
__Lnvbit                            nvbit        000000
__Lnvrram                           nvrram       000000
__Lparam                            rparam       000000
__Lpowerup                          powerup      000018
__Lram                              ram          000000
__Lramtop                           ramtop       001000
__Lrbit                             rbit         000000
__Lrbss                             rbss         000000
__Lrdata                            rdata        000000
__Lreset_vec                        reset_vec    000000
__Lrparam                           rparam       000000
__Lsfr                              sfr          000000
__Lsmallconst                       smallconst   001000
__Lspace_0                          (abs)        000000
__Lspace_1                          (abs)        000000
__Lspace_2                          (abs)        000000
__Lstack                            stack        000000
__Lstruct                           struct       000000
__Ltemp                             temp         000000
__Ltext                             text         000000
__Ltext0                            text0        000000
__Ltext1                            text1        000000
__Ltext10                           text10       000000
__Ltext11                           text11       000000
__Ltext12                           text12       000000
__Ltext13                           text13       000000
__Ltext14                           text14       000000
__Ltext15                           text15       000000
__Ltext16                           text16       000000
__Ltext17                           text17       000000
__Ltext18                           text18       000000
__Ltext19                           text19       000000
__Ltext2                            text2        000000
__Ltext20                           text20       000000
__Ltext21                           text21       000000
__Ltext22                           text22       000000
__Ltext23                           text23       000000
__Ltext24                           text24       000000
__Ltext25                           text25       000000
__Ltext26                           text26       000000
__Ltext27                           text27       000000
__Ltext28                           text28       000000
__Ltext29                           text29       000000
__Ltext3                            text3        000000
__Ltext30                           text30       000000
__Ltext31                           text31       000000
__Ltext32                           text32       000000
__Ltext33                           text33       000000
__Ltext34                           text34       000000
__Ltext35                           text35       000000
__Ltext36                           text36       000000
__Ltext37                           text37       000000
__Ltext38                           text38       000000
__Ltext4                            text4        000000
__Ltext40                           text40       000000
__Ltext5                            text5        000000
__Ltext6                            text6        000000
__Ltext7                            text7        000000
__Ltext8                            text8        000000
__Ltext9                            text9        000000
__S0                                (abs)        30000E
__S1                                (abs)        000098
__S2                                (abs)        000000
___awdiv                            text8        002668
___awdiv@counter                    cstackCOMRAM 000019
___awdiv@dividend                   cstackCOMRAM 000015
___awdiv@divisor                    cstackCOMRAM 000017
___awdiv@quotient                   cstackCOMRAM 00001B
___awdiv@sign                       cstackCOMRAM 00001A
___awmod                            text7        002820
___awmod@counter                    cstackCOMRAM 000013
___awmod@dividend                   cstackCOMRAM 00000F
___awmod@divisor                    cstackCOMRAM 000011
___awmod@sign                       cstackCOMRAM 000014
___awtoft                           text27       002B94
___awtoft@c                         cstackCOMRAM 000017
___awtoft@sign                      cstackCOMRAM 00001A
___ftadd                            text16       001D8C
___ftadd@exp1                       cstackCOMRAM 000047
___ftadd@exp2                       cstackCOMRAM 000046
___ftadd@f1                         cstackCOMRAM 00003C
___ftadd@f2                         cstackCOMRAM 00003F
___ftadd@sign                       cstackCOMRAM 000045
___ftdiv                            text26       0024C0
___ftdiv@cntr                       cstackCOMRAM 00003B
___ftdiv@exp                        cstackCOMRAM 00003F
___ftdiv@f1                         cstackCOMRAM 000032
___ftdiv@f2                         cstackCOMRAM 000035
___ftdiv@f3                         cstackCOMRAM 00003C
___ftdiv@sign                       cstackCOMRAM 000040
___ftge                             text18       0026FE
___ftge@ff1                         cstackCOMRAM 00000F
___ftge@ff2                         cstackCOMRAM 000012
___ftmul                            text6        0022E2
___ftmul@cntr                       cstackCOMRAM 000030
___ftmul@exp                        cstackCOMRAM 00002C
___ftmul@f1                         cstackCOMRAM 000023
___ftmul@f2                         cstackCOMRAM 000026
___ftmul@f3_as_product              cstackCOMRAM 00002D
___ftmul@sign                       cstackCOMRAM 000031
___ftneg                            text17       002C7C
___ftneg@f1                         cstackCOMRAM 00000F
___ftpack                           text28       0025A2
___ftpack@arg                       cstackCOMRAM 00000F
___ftpack@exp                       cstackCOMRAM 000012
___ftpack@sign                      cstackCOMRAM 000013
___ftsub                            text15       002B50
___ftsub@f1                         cstackCOMRAM 000048
___ftsub@f2                         cstackCOMRAM 00004B
___fttol                            text14       0023DA
___fttol@exp1                       cstackCOMRAM 000047
___fttol@f1                         cstackCOMRAM 000039
___fttol@lval                       cstackCOMRAM 000043
___fttol@sign1                      cstackCOMRAM 000042
___inthi_sp                         stack        000000
___intlo_sp                         stack        000000
___lldiv                            text13       002794
___lldiv@counter                    cstackCOMRAM 00001B
___lldiv@dividend                   cstackCOMRAM 00000F
___lldiv@divisor                    cstackCOMRAM 000013
___lldiv@quotient                   cstackCOMRAM 000017
___llmod                            text12       002914
___llmod@counter                    cstackCOMRAM 000017
___llmod@dividend                   cstackCOMRAM 00000F
___llmod@divisor                    cstackCOMRAM 000013
___lltoft                           text11       0029F4
___lltoft@c                         cstackCOMRAM 000017
___lltoft@exp                       cstackCOMRAM 00001F
___lwdiv                            text25       002A54
___lwdiv@counter                    cstackCOMRAM 000013
___lwdiv@dividend                   cstackCOMRAM 00000F
___lwdiv@divisor                    cstackCOMRAM 000011
___lwdiv@quotient                   cstackCOMRAM 000014
___lwmod                            text24       002B04
___lwmod@counter                    cstackCOMRAM 000013
___lwmod@dividend                   cstackCOMRAM 00000F
___lwmod@divisor                    cstackCOMRAM 000011
___param_bank                       (abs)        000010
___rparam_used                      (abs)        000001
___sp                               stack        000000
___wmul                             text5        002C2E
___wmul@multiplicand                cstackCOMRAM 00001F
___wmul@multiplier                  cstackCOMRAM 00001D
___wmul@product                     cstackCOMRAM 000021
__accesstop                         (abs)        000080
__activetblptr                      (abs)        000002
__div_to_l_                         text10       0021D8
__div_to_l_@cntr                    cstackCOMRAM 000019
__div_to_l_@exp1                    cstackCOMRAM 00001A
__div_to_l_@f1                      cstackCOMRAM 00000F
__div_to_l_@f2                      cstackCOMRAM 000012
__div_to_l_@quot                    cstackCOMRAM 000015
__end_of_Activate_Buzzer            text35       002D44
__end_of_Deactivate_Buzzer          text34       002D8E
__end_of_Delay_One_Sec              text38       002CC4
__end_of_Display_Lower_Digit        text37       002CF6
__end_of_Display_Upper_Digit        text36       002B04
__end_of_Do_Flashing                text31       002C2E
__end_of_INT0_ISR                   text40       002D86
__end_of_Init_ADC                   text30       002D7C
__end_of_OpenUSART                  text20       0029F4
__end_of_Select_ADC_Channel         text29       002D5E
__end_of_Wait_Half_Second           text33       002CDE
__end_of_Wait_One_Second_With_Beep  text32       002D32
__end_of___awdiv                    text8        0026FE
__end_of___awmod                    text7        0028A2
__end_of___awtoft                   text27       002BD0
__end_of___ftadd                    text16       001F50
__end_of___ftdiv                    text26       0025A2
__end_of___ftge                     text18       002794
__end_of___ftmul                    text6        0023DA
__end_of___ftneg                    text17       002CA0
__end_of___ftpack                   text28       002668
__end_of___ftsub                    text15       002B94
__end_of___fttol                    text14       0024C0
__end_of___lldiv                    text13       002820
__end_of___llmod                    text12       002984
__end_of___lltoft                   text11       002A54
__end_of___lwdiv                    text25       002AB0
__end_of___lwmod                    text24       002B50
__end_of___wmul                     text5        002C56
__end_of__div_to_l_                 text10       0022E2
__end_of__initialization            cinit        002BF6
__end_of__npowers_                  smallconst   001050
__end_of__powers_                   smallconst   001077
__end_of__tdiv_to_l_                text9        0021D8
__end_of_chkisr                     intcode_body 002914
__end_of_dpowers                    smallconst   001029
__end_of_fround                     text4        001D8C
__end_of_get_full_ADC               text23       002C7C
__end_of_init_IO                    text22       002D0C
__end_of_init_Interrupt             text21       002D72
__end_of_init_UART                  text19       002D20
__end_of_main                       text0        0020C8
__end_of_printf                     text1        001768
__end_of_putch                      text3        002D52
__end_of_scale                      text2        001B48
__initialization                    cinit        002BD0
__mediumconst                       mediumconst  000000
__npowers_                          smallconst   001029
__pbssBANK0                         bssBANK0     000097
__pbssCOMRAM                        bssCOMRAM    00006E
__pcinit                            cinit        002BD0
__pcstackBANK0                      cstackBANK0  000080
__pcstackCOMRAM                     cstackCOMRAM 000001
__pdataCOMRAM                       dataCOMRAM   000064
__pidataCOMRAM                      idataCOMRAM  002D5E
__pintcode                          intcode      000008
__pintcode_body                     intcode_body 0028A2
__powers_                           smallconst   001050
__psmallconst                       smallconst   001000
__ptext0                            text0        001F50
__ptext1                            text1        001098
__ptext10                           text10       0021D8
__ptext11                           text11       0029F4
__ptext12                           text12       002914
__ptext13                           text13       002794
__ptext14                           text14       0023DA
__ptext15                           text15       002B50
__ptext16                           text16       001D8C
__ptext17                           text17       002C7C
__ptext18                           text18       0026FE
__ptext19                           text19       002D0C
__ptext2                            text2        001768
__ptext20                           text20       002984
__ptext21                           text21       002D68
__ptext22                           text22       002CF6
__ptext23                           text23       002C56
__ptext24                           text24       002B04
__ptext25                           text25       002A54
__ptext26                           text26       0024C0
__ptext27                           text27       002B94
__ptext28                           text28       0025A2
__ptext29                           text29       002D52
__ptext3                            text3        002D44
__ptext30                           text30       002D72
__ptext31                           text31       002C00
__ptext32                           text32       002D20
__ptext33                           text33       002CC4
__ptext34                           text34       002D86
__ptext35                           text35       002D32
__ptext36                           text36       002AB0
__ptext37                           text37       002CDE
__ptext38                           text38       002CA0
__ptext4                            text4        001B48
__ptext40                           text40       002D7C
__ptext5                            text5        002C2E
__ptext6                            text6        0022E2
__ptext7                            text7        002820
__ptext8                            text8        002668
__ptext9                            text9        0020C8
__ramtop                            ramtop       001000
__size_of_Activate_Buzzer           (abs)        000000
__size_of_Deactivate_Buzzer         (abs)        000000
__size_of_Delay_One_Sec             (abs)        000000
__size_of_Display_Lower_Digit       (abs)        000000
__size_of_Display_Upper_Digit       (abs)        000000
__size_of_Do_Flashing               (abs)        000000
__size_of_INT0_ISR                  (abs)        000000
__size_of_Init_ADC                  (abs)        000000
__size_of_OpenUSART                 (abs)        000000
__size_of_Select_ADC_Channel        (abs)        000000
__size_of_Wait_Half_Second          (abs)        000000
__size_of_Wait_One_Second_With_Beep (abs)        000000
__size_of___awdiv                   (abs)        000000
__size_of___awmod                   (abs)        000000
__size_of___awtoft                  (abs)        000000
__size_of___ftadd                   (abs)        000000
__size_of___ftdiv                   (abs)        000000
__size_of___ftge                    (abs)        000000
__size_of___ftmul                   (abs)        000000
__size_of___ftneg                   (abs)        000000
__size_of___ftpack                  (abs)        000000
__size_of___ftsub                   (abs)        000000
__size_of___fttol                   (abs)        000000
__size_of___lldiv                   (abs)        000000
__size_of___llmod                   (abs)        000000
__size_of___lltoft                  (abs)        000000
__size_of___lwdiv                   (abs)        000000
__size_of___lwmod                   (abs)        000000
__size_of___wmul                    (abs)        000000
__size_of__div_to_l_                (abs)        000000
__size_of__tdiv_to_l_               (abs)        000000
__size_of_chkisr                    (abs)        000000
__size_of_fround                    (abs)        000000
__size_of_get_full_ADC              (abs)        000000
__size_of_init_IO                   (abs)        000000
__size_of_init_Interrupt            (abs)        000000
__size_of_init_UART                 (abs)        000000
__size_of_main                      (abs)        000000
__size_of_printf                    (abs)        000000
__size_of_putch                     (abs)        000000
__size_of_scale                     (abs)        000000
__smallconst                        smallconst   001000
__tdiv_to_l_                        text9        0020C8
__tdiv_to_l_@cntr                   cstackCOMRAM 00001C
__tdiv_to_l_@exp1                   cstackCOMRAM 00001D
__tdiv_to_l_@f1                     cstackCOMRAM 00000F
__tdiv_to_l_@f2                     cstackCOMRAM 000012
__tdiv_to_l_@quot                   cstackCOMRAM 000018
_array                              dataCOMRAM   000064
_chkisr                             intcode      000008
_dpowers                            smallconst   001001
_fround                             text4        001B48
_fround$1577                        cstackCOMRAM 000038
_fround$1578                        cstackCOMRAM 000035
_get_full_ADC                       text23       002C56
_init_IO                            text22       002CF6
_init_Interrupt                     text21       002D68
_init_UART                          text19       002D0C
_main                               text0        001F50
_printf                             text1        001098
_printf$1580                        cstackBANK0  000080
_putch                              text3        002D44
_scale                              text2        001768
_scale$1579                         cstackCOMRAM 000035
end_of_initialization               cinit        002BF6
fround@prec                         cstackCOMRAM 00003B
get_full_ADC@result                 cstackCOMRAM 000013
int_func                            intcode_body 0028A2
intlevel0                           text         000000
intlevel1                           text         000000
intlevel2                           text         000000
intlevel3                           text         000000
main@L                              cstackCOMRAM 00005C
main@L_676                          cstackCOMRAM 00005E
main@U                              cstackCOMRAM 00005B
main@U_675                          cstackCOMRAM 00005D
main@num_step1                      cstackCOMRAM 000059
main@people                         cstackCOMRAM 000062
main@voltage_mv1                    cstackCOMRAM 00005F
printf@ap                           cstackBANK0  000083
printf@c                            cstackBANK0  000096
printf@exp                          cstackBANK0  00008D
printf@f                            cstackCOMRAM 00004E
printf@flag                         cstackBANK0  000085
printf@fval                         cstackBANK0  000093
printf@prec                         cstackBANK0  000087
printf@tmpval                       cstackBANK0  00008F
printf@val                          cstackBANK0  000089
putch@c                             cstackCOMRAM 00000F
scale@scl                           cstackCOMRAM 000038
stackhi                             (abs)        000F7F
stacklo                             (abs)        000098
start                               init         000018
start_initialization                cinit        002BD0


FUNCTION INFORMATION:

 *************** function _main *****************
 Defined at:
		line 106 in file "FireDetector2.c"
 Parameters:    Size  Location     Type
		None
 Auto vars:     Size  Location     Type
  L               1   93[COMRAM] unsigned char 
  U               1   92[COMRAM] unsigned char 
  L               1   91[COMRAM] unsigned char 
  U               1   90[COMRAM] unsigned char 
  voltage_mv1     3   94[COMRAM] float 
  num_step1       2   88[COMRAM] int 
  people          2   97[COMRAM] unsigned int 
 Return value:  Size  Location     Type
		None               void
 Registers used:
		wreg, fsr2l, fsr2h, status,2, status,0, tblptrl, tblptrh, tblptru, prodl, prodh, cstack
 Tracked objects:
		On entry : 
		On exit  : 
		Unchanged: 
 Data sizes:     COMRAM   BANK0   BANK1   BANK2   BANK3   BANK4   BANK5   BANK6   BANK7   BANK8   BANK9  BANK10  BANK11  BANK12  BANK13  BANK14  BANK15
      Params:         0       0       0       0       0       0       0       0       0       0       0       0       0       0       0       0       0
      Locals:        11       0       0       0       0       0       0       0       0       0       0       0       0       0       0       0       0
      Temps:          0       0       0       0       0       0       0       0       0       0       0       0       0       0       0       0       0
      Totals:        11       0       0       0       0       0       0       0       0       0       0       0       0       0       0       0       0
Total ram usage:       11 bytes
 Hardware stack levels required when called:    6
 This function calls:
		_Delay_One_Sec
		_Display_Lower_Digit
		_Display_Upper_Digit
		_Do_Flashing
		_Init_ADC
		_Select_ADC_Channel
		_Wait_One_Second_With_Beep
		___awtoft
		___ftdiv
		___ftge
		___ftmul
		___lwdiv
		___lwmod
		_get_full_ADC
		_init_IO
		_init_Interrupt
		_init_UART
		_printf
 This function is called by:
		Startup code after reset
 This function uses a non-reentrant model


 *************** function _printf *****************
 Defined at:
		line 464 in file "C:\Program Files (x86)\Microchip\xc8\v1.34\sources\common\doprnt.c"
 Parameters:    Size  Location     Type
  f               2   77[COMRAM] PTR const unsigned char 
		 -> STR_1(31), 
 Auto vars:     Size  Location     Type
  tmpval          4   15[BANK0 ] struct .
  val             4    9[BANK0 ] unsigned long 
  fval            3   19[BANK0 ] unsigned long 
  cp              3    0        PTR const unsigned char 
  exp             2   13[BANK0 ] int 
  prec            2    7[BANK0 ] int 
  flag            2    5[BANK0 ] unsigned short 
  ap              2    3[BANK0 ] PTR void [1]
		 -> ?_printf(2), 
  len             2    0        unsigned int 
  width           2    0        int 
  c               1   22[BANK0 ] char 
  d               1    0        unsigned char 
 Return value:  Size  Location     Type
                  2   77[COMRAM] int 
 Registers used:
		wreg, fsr2l, fsr2h, status,2, status,0, tblptrl, tblptrh, tblptru, prodl, prodh, cstack
 Tracked objects:
		On entry : 
		On exit  : 
		Unchanged: 
 Data sizes:     COMRAM   BANK0   BANK1   BANK2   BANK3   BANK4   BANK5   BANK6   BANK7   BANK8   BANK9  BANK10  BANK11  BANK12  BANK13  BANK14  BANK15
      Params:         5       0       0       0       0       0       0       0       0       0       0       0       0       0       0       0       0
      Locals:         0      23       0       0       0       0       0       0       0       0       0       0       0       0       0       0       0
      Temps:          6       0       0       0       0       0       0       0       0       0       0       0       0       0       0       0       0
      Totals:        11      23       0       0       0       0       0       0       0       0       0       0       0       0       0       0       0
Total ram usage:       34 bytes
 Hardware stack levels used:    1
 Hardware stack levels required when called:    5
 This function calls:
		___awdiv
		___ftadd
		___ftge
		___ftmul
		___ftneg
		___ftsub
		___fttol
		___lldiv
		___llmod
		___lltoft
		___wmul
		__div_to_l_
		__tdiv_to_l_
		_fround
		_putch
		_scale
 This function is called by:
		_main
 This function uses a non-reentrant model


 *************** function _scale *****************
 Defined at:
		line 425 in file "C:\Program Files (x86)\Microchip\xc8\v1.34\sources\common\doprnt.c"
 Parameters:    Size  Location     Type
  scl             1    wreg     char 
 Auto vars:     Size  Location     Type
  scl             1   55[COMRAM] char 
 Return value:  Size  Location     Type
                  3   49[COMRAM] char 
 Registers used:
		wreg, status,2, status,0, tblptrl, tblptrh, tblptru, prodl, prodh, cstack
 Tracked objects:
		On entry : 
		On exit  : 
		Unchanged: 
 Data sizes:     COMRAM   BANK0   BANK1   BANK2   BANK3   BANK4   BANK5   BANK6   BANK7   BANK8   BANK9  BANK10  BANK11  BANK12  BANK13  BANK14  BANK15
      Params:         3       0       0       0       0       0       0       0       0       0       0       0       0       0       0       0       0
      Locals:         4       0       0       0       0       0       0       0       0       0       0       0       0       0       0       0       0
      Temps:          0       0       0       0       0       0       0       0       0       0       0       0       0       0       0       0       0
      Totals:         7       0       0       0       0       0       0       0       0       0       0       0       0       0       0       0       0
Total ram usage:        7 bytes
 Hardware stack levels used:    1
 Hardware stack levels required when called:    4
 This function calls:
		___awdiv
		___awmod
		___ftmul
		___wmul
 This function is called by:
		_printf
 This function uses a non-reentrant model


 *************** function _putch *****************
 Defined at:
		line 51 in file "FireDetector2.c"
 Parameters:    Size  Location     Type
  c               1    wreg     unsigned char 
 Auto vars:     Size  Location     Type
  c               1   14[COMRAM] unsigned char 
 Return value:  Size  Location     Type
		None               void
 Registers used:
		wreg
 Tracked objects:
		On entry : 
		On exit  : 
		Unchanged: 
 Data sizes:     COMRAM   BANK0   BANK1   BANK2   BANK3   BANK4   BANK5   BANK6   BANK7   BANK8   BANK9  BANK10  BANK11  BANK12  BANK13  BANK14  BANK15
      Params:         0       0       0       0       0       0       0       0       0       0       0       0       0       0       0       0       0
      Locals:         1       0       0       0       0       0       0       0       0       0       0       0       0       0       0       0       0
      Temps:          0       0       0       0       0       0       0       0       0       0       0       0       0       0       0       0       0
      Totals:         1       0       0       0       0       0       0       0       0       0       0       0       0       0       0       0       0
Total ram usage:        1 bytes
 Hardware stack levels used:    1
 Hardware stack levels required when called:    2
 This function calls:
		Nothing
 This function is called by:
		_printf
 This function uses a non-reentrant model


 *************** function _fround *****************
 Defined at:
		line 409 in file "C:\Program Files (x86)\Microchip\xc8\v1.34\sources\common\doprnt.c"
 Parameters:    Size  Location     Type
  prec            1    wreg     unsigned char 
 Auto vars:     Size  Location     Type
  prec            1   58[COMRAM] unsigned char 
 Return value:  Size  Location     Type
                  3   49[COMRAM] unsigned char 
 Registers used:
		wreg, status,2, status,0, tblptrl, tblptrh, tblptru, prodl, prodh, cstack
 Tracked objects:
		On entry : 
		On exit  : 
		Unchanged: 
 Data sizes:     COMRAM   BANK0   BANK1   BANK2   BANK3   BANK4   BANK5   BANK6   BANK7   BANK8   BANK9  BANK10  BANK11  BANK12  BANK13  BANK14  BANK15
      Params:         3       0       0       0       0       0       0       0       0       0       0       0       0       0       0       0       0
      Locals:         7       0       0       0       0       0       0       0       0       0       0       0       0       0       0       0       0
      Temps:          0       0       0       0       0       0       0       0       0       0       0       0       0       0       0       0       0
      Totals:        10       0       0       0       0       0       0       0       0       0       0       0       0       0       0       0       0
Total ram usage:       10 bytes
 Hardware stack levels used:    1
 Hardware stack levels required when called:    4
 This function calls:
		___awdiv
		___awmod
		___ftmul
		___wmul
 This function is called by:
		_printf
 This function uses a non-reentrant model


 *************** function ___wmul *****************
 Defined at:
		line 15 in file "C:\Program Files (x86)\Microchip\xc8\v1.34\sources\common\Umul16.c"
 Parameters:    Size  Location     Type
  multiplier      2   28[COMRAM] unsigned int 
  multiplicand    2   30[COMRAM] unsigned int 
 Auto vars:     Size  Location     Type
  product         2   32[COMRAM] unsigned int 
 Return value:  Size  Location     Type
                  2   28[COMRAM] unsigned int 
 Registers used:
		wreg, status,2, status,0, prodl, prodh
 Tracked objects:
		On entry : 
		On exit  : 
		Unchanged: 
 Data sizes:     COMRAM   BANK0   BANK1   BANK2   BANK3   BANK4   BANK5   BANK6   BANK7   BANK8   BANK9  BANK10  BANK11  BANK12  BANK13  BANK14  BANK15
      Params:         4       0       0       0       0       0       0       0       0       0       0       0       0       0       0       0       0
      Locals:         2       0       0       0       0       0       0       0       0       0       0       0       0       0       0       0       0
      Temps:          0       0       0       0       0       0       0       0       0       0       0       0       0       0       0       0       0
      Totals:         6       0       0       0       0       0       0       0       0       0       0       0       0       0       0       0       0
Total ram usage:        6 bytes
 Hardware stack levels used:    1
 Hardware stack levels required when called:    2
 This function calls:
		Nothing
 This function is called by:
		_fround
		_scale
		_printf
 This function uses a non-reentrant model


 *************** function ___ftmul *****************
 Defined at:
		line 62 in file "C:\Program Files (x86)\Microchip\xc8\v1.34\sources\common\ftmul.c"
 Parameters:    Size  Location     Type
  f1              3   34[COMRAM] float 
  f2              3   37[COMRAM] float 
 Auto vars:     Size  Location     Type
  f3_as_produc    3   44[COMRAM] unsigned um
  sign            1   48[COMRAM] unsigned char 
  cntr            1   47[COMRAM] unsigned char 
  exp             1   43[COMRAM] unsigned char 
 Return value:  Size  Location     Type
                  3   34[COMRAM] float 
 Registers used:
		wreg, status,2, status,0, cstack
 Tracked objects:
		On entry : 
		On exit  : 
		Unchanged: 
 Data sizes:     COMRAM   BANK0   BANK1   BANK2   BANK3   BANK4   BANK5   BANK6   BANK7   BANK8   BANK9  BANK10  BANK11  BANK12  BANK13  BANK14  BANK15
      Params:         6       0       0       0       0       0       0       0       0       0       0       0       0       0       0       0       0
      Locals:         6       0       0       0       0       0       0       0       0       0       0       0       0       0       0       0       0
      Temps:          3       0       0       0       0       0       0       0       0       0       0       0       0       0       0       0       0
      Totals:        15       0       0       0       0       0       0       0       0       0       0       0       0       0       0       0       0
Total ram usage:       15 bytes
 Hardware stack levels used:    1
 Hardware stack levels required when called:    3
 This function calls:
		___ftpack
 This function is called by:
		_main
		_fround
		_scale
		_printf
 This function uses a non-reentrant model


 *************** function ___awmod *****************
 Defined at:
		line 8 in file "C:\Program Files (x86)\Microchip\xc8\v1.34\sources\common\awmod.c"
 Parameters:    Size  Location     Type
  dividend        2   14[COMRAM] int 
  divisor         2   16[COMRAM] int 
 Auto vars:     Size  Location     Type
  sign            1   19[COMRAM] unsigned char 
  counter         1   18[COMRAM] unsigned char 
 Return value:  Size  Location     Type
                  2   14[COMRAM] int 
 Registers used:
		wreg, status,2, status,0
 Tracked objects:
		On entry : 
		On exit  : 
		Unchanged: 
 Data sizes:     COMRAM   BANK0   BANK1   BANK2   BANK3   BANK4   BANK5   BANK6   BANK7   BANK8   BANK9  BANK10  BANK11  BANK12  BANK13  BANK14  BANK15
      Params:         4       0       0       0       0       0       0       0       0       0       0       0       0       0       0       0       0
      Locals:         2       0       0       0       0       0       0       0       0       0       0       0       0       0       0       0       0
      Temps:          0       0       0       0       0       0       0       0       0       0       0       0       0       0       0       0       0
      Totals:         6       0       0       0       0       0       0       0       0       0       0       0       0       0       0       0       0
Total ram usage:        6 bytes
 Hardware stack levels used:    1
 Hardware stack levels required when called:    2
 This function calls:
		Nothing
 This function is called by:
		_fround
		_scale
 This function uses a non-reentrant model


 *************** function ___awdiv *****************
 Defined at:
		line 8 in file "C:\Program Files (x86)\Microchip\xc8\v1.34\sources\common\awdiv.c"
 Parameters:    Size  Location     Type
  dividend        2   20[COMRAM] int 
  divisor         2   22[COMRAM] int 
 Auto vars:     Size  Location     Type
  quotient        2   26[COMRAM] int 
  sign            1   25[COMRAM] unsigned char 
  counter         1   24[COMRAM] unsigned char 
 Return value:  Size  Location     Type
                  2   20[COMRAM] int 
 Registers used:
		wreg, status,2, status,0
 Tracked objects:
		On entry : 
		On exit  : 
		Unchanged: 
 Data sizes:     COMRAM   BANK0   BANK1   BANK2   BANK3   BANK4   BANK5   BANK6   BANK7   BANK8   BANK9  BANK10  BANK11  BANK12  BANK13  BANK14  BANK15
      Params:         4       0       0       0       0       0       0       0       0       0       0       0       0       0       0       0       0
      Locals:         4       0       0       0       0       0       0       0       0       0       0       0       0       0       0       0       0
      Temps:          0       0       0       0       0       0       0       0       0       0       0       0       0       0       0       0       0
      Totals:         8       0       0       0       0       0       0       0       0       0       0       0       0       0       0       0       0
Total ram usage:        8 bytes
 Hardware stack levels used:    1
 Hardware stack levels required when called:    2
 This function calls:
		Nothing
 This function is called by:
		_fround
		_scale
		_printf
 This function uses a non-reentrant model


 *************** function __tdiv_to_l_ *****************
 Defined at:
		line 60 in file "C:\Program Files (x86)\Microchip\xc8\v1.34\sources\common\ftdivl.c"
 Parameters:    Size  Location     Type
  f1              3   14[COMRAM] float 
  f2              3   17[COMRAM] float 
 Auto vars:     Size  Location     Type
  quot            4   23[COMRAM] unsigned long 
  exp1            1   28[COMRAM] unsigned char 
  cntr            1   27[COMRAM] unsigned char 
 Return value:  Size  Location     Type
                  4   14[COMRAM] unsigned long 
 Registers used:
		wreg, status,2, status,0
 Tracked objects:
		On entry : 
		On exit  : 
		Unchanged: 
 Data sizes:     COMRAM   BANK0   BANK1   BANK2   BANK3   BANK4   BANK5   BANK6   BANK7   BANK8   BANK9  BANK10  BANK11  BANK12  BANK13  BANK14  BANK15
      Params:         6       0       0       0       0       0       0       0       0       0       0       0       0       0       0       0       0
      Locals:         6       0       0       0       0       0       0       0       0       0       0       0       0       0       0       0       0
      Temps:          3       0       0       0       0       0       0       0       0       0       0       0       0       0       0       0       0
      Totals:        15       0       0       0       0       0       0       0       0       0       0       0       0       0       0       0       0
Total ram usage:       15 bytes
 Hardware stack levels used:    1
 Hardware stack levels required when called:    2
 This function calls:
		Nothing
 This function is called by:
		_printf
 This function uses a non-reentrant model


 *************** function __div_to_l_ *****************
 Defined at:
		line 60 in file "C:\Program Files (x86)\Microchip\xc8\v1.34\sources\common\fldivl.c"
 Parameters:    Size  Location     Type
  f1              3   14[COMRAM] unsigned long 
  f2              3   17[COMRAM] unsigned long 
 Auto vars:     Size  Location     Type
  quot            4   20[COMRAM] unsigned long 
  exp1            1   25[COMRAM] unsigned char 
  cntr            1   24[COMRAM] unsigned char 
 Return value:  Size  Location     Type
                  4   14[COMRAM] unsigned long 
 Registers used:
		wreg, status,2, status,0
 Tracked objects:
		On entry : 
		On exit  : 
		Unchanged: 
 Data sizes:     COMRAM   BANK0   BANK1   BANK2   BANK3   BANK4   BANK5   BANK6   BANK7   BANK8   BANK9  BANK10  BANK11  BANK12  BANK13  BANK14  BANK15
      Params:         6       0       0       0       0       0       0       0       0       0       0       0       0       0       0       0       0
      Locals:         6       0       0       0       0       0       0       0       0       0       0       0       0       0       0       0       0
      Temps:          0       0       0       0       0       0       0       0       0       0       0       0       0       0       0       0       0
      Totals:        12       0       0       0       0       0       0       0       0       0       0       0       0       0       0       0       0
Total ram usage:       12 bytes
 Hardware stack levels used:    1
 Hardware stack levels required when called:    2
 This function calls:
		Nothing
 This function is called by:
		_printf
 This function uses a non-reentrant model


 *************** function ___lltoft *****************
 Defined at:
		line 35 in file "C:\Program Files (x86)\Microchip\xc8\v1.34\sources\common\lltoft.c"
 Parameters:    Size  Location     Type
  c               4   22[COMRAM] unsigned long 
 Auto vars:     Size  Location     Type
  exp             1   30[COMRAM] unsigned char 
 Return value:  Size  Location     Type
                  3   22[COMRAM] float 
 Registers used:
		wreg, status,2, status,0, cstack
 Tracked objects:
		On entry : 
		On exit  : 
		Unchanged: 
 Data sizes:     COMRAM   BANK0   BANK1   BANK2   BANK3   BANK4   BANK5   BANK6   BANK7   BANK8   BANK9  BANK10  BANK11  BANK12  BANK13  BANK14  BANK15
      Params:         4       0       0       0       0       0       0       0       0       0       0       0       0       0       0       0       0
      Locals:         1       0       0       0       0       0       0       0       0       0       0       0       0       0       0       0       0
      Temps:          4       0       0       0       0       0       0       0       0       0       0       0       0       0       0       0       0
      Totals:         9       0       0       0       0       0       0       0       0       0       0       0       0       0       0       0       0
Total ram usage:        9 bytes
 Hardware stack levels used:    1
 Hardware stack levels required when called:    3
 This function calls:
		___ftpack
 This function is called by:
		_printf
 This function uses a non-reentrant model


 *************** function ___llmod *****************
 Defined at:
		line 8 in file "C:\Program Files (x86)\Microchip\xc8\v1.34\sources\common\llmod.c"
 Parameters:    Size  Location     Type
  dividend        4   14[COMRAM] unsigned long 
  divisor         4   18[COMRAM] unsigned long 
 Auto vars:     Size  Location     Type
  counter         1   22[COMRAM] unsigned char 
 Return value:  Size  Location     Type
                  4   14[COMRAM] unsigned long 
 Registers used:
		wreg, status,2, status,0
 Tracked objects:
		On entry : 
		On exit  : 
		Unchanged: 
 Data sizes:     COMRAM   BANK0   BANK1   BANK2   BANK3   BANK4   BANK5   BANK6   BANK7   BANK8   BANK9  BANK10  BANK11  BANK12  BANK13  BANK14  BANK15
      Params:         8       0       0       0       0       0       0       0       0       0       0       0       0       0       0       0       0
      Locals:         1       0       0       0       0       0       0       0       0       0       0       0       0       0       0       0       0
      Temps:          0       0       0       0       0       0       0       0       0       0       0       0       0       0       0       0       0
      Totals:         9       0       0       0       0       0       0       0       0       0       0       0       0       0       0       0       0
Total ram usage:        9 bytes
 Hardware stack levels used:    1
 Hardware stack levels required when called:    2
 This function calls:
		Nothing
 This function is called by:
		_printf
 This function uses a non-reentrant model


 *************** function ___lldiv *****************
 Defined at:
		line 8 in file "C:\Program Files (x86)\Microchip\xc8\v1.34\sources\common\lldiv.c"
 Parameters:    Size  Location     Type
  dividend        4   14[COMRAM] unsigned long 
  divisor         4   18[COMRAM] unsigned long 
 Auto vars:     Size  Location     Type
  quotient        4   22[COMRAM] unsigned long 
  counter         1   26[COMRAM] unsigned char 
 Return value:  Size  Location     Type
                  4   14[COMRAM] unsigned long 
 Registers used:
		wreg, status,2, status,0
 Tracked objects:
		On entry : 
		On exit  : 
		Unchanged: 
 Data sizes:     COMRAM   BANK0   BANK1   BANK2   BANK3   BANK4   BANK5   BANK6   BANK7   BANK8   BANK9  BANK10  BANK11  BANK12  BANK13  BANK14  BANK15
      Params:         8       0       0       0       0       0       0       0       0       0       0       0       0       0       0       0       0
      Locals:         5       0       0       0       0       0       0       0       0       0       0       0       0       0       0       0       0
      Temps:          0       0       0       0       0       0       0       0       0       0       0       0       0       0       0       0       0
      Totals:        13       0       0       0       0       0       0       0       0       0       0       0       0       0       0       0       0
Total ram usage:       13 bytes
 Hardware stack levels used:    1
 Hardware stack levels required when called:    2
 This function calls:
		Nothing
 This function is called by:
		_printf
 This function uses a non-reentrant model


 *************** function ___fttol *****************
 Defined at:
		line 44 in file "C:\Program Files (x86)\Microchip\xc8\v1.34\sources\common\fttol.c"
 Parameters:    Size  Location     Type
  f1              3   56[COMRAM] float 
 Auto vars:     Size  Location     Type
  lval            4   66[COMRAM] unsigned long 
  exp1            1   70[COMRAM] unsigned char 
  sign1           1   65[COMRAM] unsigned char 
 Return value:  Size  Location     Type
                  4   56[COMRAM] long 
 Registers used:
		wreg, status,2, status,0
 Tracked objects:
		On entry : 
		On exit  : 
		Unchanged: 
 Data sizes:     COMRAM   BANK0   BANK1   BANK2   BANK3   BANK4   BANK5   BANK6   BANK7   BANK8   BANK9  BANK10  BANK11  BANK12  BANK13  BANK14  BANK15
      Params:         4       0       0       0       0       0       0       0       0       0       0       0       0       0       0       0       0
      Locals:         6       0       0       0       0       0       0       0       0       0       0       0       0       0       0       0       0
      Temps:          5       0       0       0       0       0       0       0       0       0       0       0       0       0       0       0       0
      Totals:        15       0       0       0       0       0       0       0       0       0       0       0       0       0       0       0       0
Total ram usage:       15 bytes
 Hardware stack levels used:    1
 Hardware stack levels required when called:    2
 This function calls:
		Nothing
 This function is called by:
		_printf
 This function uses a non-reentrant model


 *************** function ___ftsub *****************
 Defined at:
		line 20 in file "C:\Program Files (x86)\Microchip\xc8\v1.34\sources\common\ftsub.c"
 Parameters:    Size  Location     Type
  f1              3   71[COMRAM] float 
  f2              3   74[COMRAM] float 
 Auto vars:     Size  Location     Type
		None
 Return value:  Size  Location     Type
                  3   71[COMRAM] float 
 Registers used:
		wreg, status,2, status,0, cstack
 Tracked objects:
		On entry : 
		On exit  : 
		Unchanged: 
 Data sizes:     COMRAM   BANK0   BANK1   BANK2   BANK3   BANK4   BANK5   BANK6   BANK7   BANK8   BANK9  BANK10  BANK11  BANK12  BANK13  BANK14  BANK15
      Params:         6       0       0       0       0       0       0       0       0       0       0       0       0       0       0       0       0
      Locals:         0       0       0       0       0       0       0       0       0       0       0       0       0       0       0       0       0
      Temps:          0       0       0       0       0       0       0       0       0       0       0       0       0       0       0       0       0
      Totals:         6       0       0       0       0       0       0       0       0       0       0       0       0       0       0       0       0
Total ram usage:        6 bytes
 Hardware stack levels used:    1
 Hardware stack levels required when called:    4
 This function calls:
		___ftadd
 This function is called by:
		_printf
 This function uses a non-reentrant model


 *************** function ___ftadd *****************
 Defined at:
		line 86 in file "C:\Program Files (x86)\Microchip\xc8\v1.34\sources\common\ftadd.c"
 Parameters:    Size  Location     Type
  f1              3   59[COMRAM] float 
  f2              3   62[COMRAM] float 
 Auto vars:     Size  Location     Type
  exp1            1   70[COMRAM] unsigned char 
  exp2            1   69[COMRAM] unsigned char 
  sign            1   68[COMRAM] unsigned char 
 Return value:  Size  Location     Type
                  3   59[COMRAM] float 
 Registers used:
		wreg, status,2, status,0, cstack
 Tracked objects:
		On entry : 
		On exit  : 
		Unchanged: 
 Data sizes:     COMRAM   BANK0   BANK1   BANK2   BANK3   BANK4   BANK5   BANK6   BANK7   BANK8   BANK9  BANK10  BANK11  BANK12  BANK13  BANK14  BANK15
      Params:         6       0       0       0       0       0       0       0       0       0       0       0       0       0       0       0       0
      Locals:         3       0       0       0       0       0       0       0       0       0       0       0       0       0       0       0       0
      Temps:          3       0       0       0       0       0       0       0       0       0       0       0       0       0       0       0       0
      Totals:        12       0       0       0       0       0       0       0       0       0       0       0       0       0       0       0       0
Total ram usage:       12 bytes
 Hardware stack levels used:    1
 Hardware stack levels required when called:    3
 This function calls:
		___ftpack
 This function is called by:
		_printf
		___ftsub
 This function uses a non-reentrant model


 *************** function ___ftneg *****************
 Defined at:
		line 15 in file "C:\Program Files (x86)\Microchip\xc8\v1.34\sources\common\ftneg.c"
 Parameters:    Size  Location     Type
  f1              3   14[COMRAM] float 
 Auto vars:     Size  Location     Type
		None
 Return value:  Size  Location     Type
                  3   14[COMRAM] float 
 Registers used:
		wreg, status,2, status,0
 Tracked objects:
		On entry : 
		On exit  : 
		Unchanged: 
 Data sizes:     COMRAM   BANK0   BANK1   BANK2   BANK3   BANK4   BANK5   BANK6   BANK7   BANK8   BANK9  BANK10  BANK11  BANK12  BANK13  BANK14  BANK15
      Params:         3       0       0       0       0       0       0       0       0       0       0       0       0       0       0       0       0
      Locals:         0       0       0       0       0       0       0       0       0       0       0       0       0       0       0       0       0
      Temps:          0       0       0       0       0       0       0       0       0       0       0       0       0       0       0       0       0
      Totals:         3       0       0       0       0       0       0       0       0       0       0       0       0       0       0       0       0
Total ram usage:        3 bytes
 Hardware stack levels used:    1
 Hardware stack levels required when called:    2
 This function calls:
		Nothing
 This function is called by:
		_printf
 This function uses a non-reentrant model


 *************** function ___ftge *****************
 Defined at:
		line 4 in file "C:\Program Files (x86)\Microchip\xc8\v1.34\sources\common\ftge.c"
[...]
 Defined at:
		line 243 in file "FireDetector2.c"
 Parameters:    Size  Location     Type
		None
 Auto vars:     Size  Location     Type
		None
 Return value:  Size  Location     Type
		None               void
 Registers used:
		wreg, status,2, status,0, cstack
 Tracked objects:
		On entry : 
		On exit  : 
		Unchanged: 
 Data sizes:     COMRAM   BANK0   BANK1   BANK2   BANK3   BANK4   BANK5   BANK6   BANK7   BANK8   BANK9  BANK10  BANK11  BANK12  BANK13  BANK14  BANK15
      Params:         0       0       0       0       0       0       0       0       0       0       0       0       0       0       0       0       0
      Locals:         0       0       0       0       0       0       0       0       0       0       0       0       0       0       0       0       0
      Temps:          0       0       0       0       0       0       0       0       0       0       0       0       0       0       0       0       0
      Totals:         0       0       0       0       0       0       0       0       0       0       0       0       0       0       0       0       0
Total ram usage:        0 bytes
 Hardware stack levels used:    1
 Hardware stack levels required when called:    4
 This function calls:
		_Wait_One_Second_With_Beep
 This function is called by:
		_main
 This function uses a non-reentrant model


 *************** function _Wait_One_Second_With_Beep *****************
 Defined at:
		line 235 in file "FireDetector2.c"
 Parameters:    Size  Location     Type
		None
 Auto vars:     Size  Location     Type
		None
 Return value:  Size  Location     Type
		None               void
 Registers used:
		wreg, status,2, cstack
 Tracked objects:
		On entry : 
		On exit  : 
		Unchanged: 
 Data sizes:     COMRAM   BANK0   BANK1   BANK2   BANK3   BANK4   BANK5   BANK6   BANK7   BANK8   BANK9  BANK10  BANK11  BANK12  BANK13  BANK14  BANK15
      Params:         0       0       0       0       0       0       0       0       0       0       0       0       0       0       0       0       0
      Locals:         0       0       0       0       0       0       0       0       0       0       0       0       0       0       0       0       0
      Temps:          0       0       0       0       0       0       0       0       0       0       0       0       0       0       0       0       0
      Totals:         0       0       0       0       0       0       0       0       0       0       0       0       0       0       0       0       0
Total ram usage:        0 bytes
 Hardware stack levels used:    1
 Hardware stack levels required when called:    3
 This function calls:
		_Activate_Buzzer
		_Deactivate_Buzzer
		_Wait_Half_Second
 This function is called by:
		_main
		_Do_Flashing
 This function uses a non-reentrant model


 *************** function _Wait_Half_Second *****************
 Defined at:
		line 225 in file "FireDetector2.c"
 Parameters:    Size  Location     Type
		None
 Auto vars:     Size  Location     Type
		None
 Return value:  Size  Location     Type
		None               void
 Registers used:
		wreg, status,2
 Tracked objects:
		On entry : 
		On exit  : 
		Unchanged: 
 Data sizes:     COMRAM   BANK0   BANK1   BANK2   BANK3   BANK4   BANK5   BANK6   BANK7   BANK8   BANK9  BANK10  BANK11  BANK12  BANK13  BANK14  BANK15
      Params:         0       0       0       0       0       0       0       0       0       0       0       0       0       0       0       0       0
      Locals:         0       0       0       0       0       0       0       0       0       0       0       0       0       0       0       0       0
      Temps:          0       0       0       0       0       0       0       0       0       0       0       0       0       0       0       0       0
      Totals:         0       0       0       0       0       0       0       0       0       0       0       0       0       0       0       0       0
Total ram usage:        0 bytes
 Hardware stack levels used:    1
 Hardware stack levels required when called:    2
 This function calls:
		Nothing
 This function is called by:
		_Wait_One_Second_With_Beep
 This function uses a non-reentrant model


 *************** function _Deactivate_Buzzer *****************
 Defined at:
		line 219 in file "FireDetector2.c"
 Parameters:    Size  Location     Type
		None
 Auto vars:     Size  Location     Type
		None
 Return value:  Size  Location     Type
		None               void
 Registers used:
		wreg, status,2
 Tracked objects:
		On entry : 
		On exit  : 
		Unchanged: 
 Data sizes:     COMRAM   BANK0   BANK1   BANK2   BANK3   BANK4   BANK5   BANK6   BANK7   BANK8   BANK9  BANK10  BANK11  BANK12  BANK13  BANK14  BANK15
      Params:         0       0       0       0       0       0       0       0       0       0       0       0       0       0       0       0       0
      Locals:         0       0       0       0       0       0       0       0       0       0       0       0       0       0       0       0       0
      Temps:          0       0       0       0       0       0       0       0       0       0       0       0       0       0       0       0       0
      Totals:         0       0       0       0       0       0       0       0       0       0       0       0       0       0       0       0       0
Total ram usage:        0 bytes
 Hardware stack levels used:    1
 Hardware stack levels required when called:    2
 This function calls:
		Nothing
 This function is called by:
		_Wait_One_Second_With_Beep
 This function uses a non-reentrant model


 *************** function _Activate_Buzzer *****************
 Defined at:
		line 211 in file "FireDetector2.c"
 Parameters:    Size  Location     Type
		None
 Auto vars:     Size  Location     Type
		None
 Return value:  Size  Location     Type
		None               void
 Registers used:
		wreg, status,2
 Tracked objects:
		On entry : 
		On exit  : 
		Unchanged: 
 Data sizes:     COMRAM   BANK0   BANK1   BANK2   BANK3   BANK4   BANK5   BANK6   BANK7   BANK8   BANK9  BANK10  BANK11  BANK12  BANK13  BANK14  BANK15
      Params:         0       0       0       0       0       0       0       0       0       0       0       0       0       0       0       0       0
      Locals:         0       0       0       0       0       0       0       0       0       0       0       0       0       0       0       0       0
      Temps:          0       0       0       0       0       0       0       0       0       0       0       0       0       0       0       0       0
      Totals:         0       0       0       0       0       0       0       0       0       0       0       0       0       0       0       0       0
Total ram usage:        0 bytes
 Hardware stack levels used:    1
 Hardware stack levels required when called:    2
 This function calls:
		Nothing
 This function is called by:
		_Wait_One_Second_With_Beep
 This function uses a non-reentrant model


 *************** function _Display_Upper_Digit *****************
 Defined at:
		line 199 in file "FireDetector2.c"
 Parameters:    Size  Location     Type
  digit           1    wreg     unsigned char 
 Auto vars:     Size  Location     Type
  digit           1   15[COMRAM] unsigned char 
  bit6            2   16[COMRAM] int 
 Return value:  Size  Location     Type
		None               void
 Registers used:
		wreg, fsr2l, fsr2h, status,2, status,0, prodl, prodh
 Tracked objects:
		On entry : 
		On exit  : 
		Unchanged: 
 Data sizes:     COMRAM   BANK0   BANK1   BANK2   BANK3   BANK4   BANK5   BANK6   BANK7   BANK8   BANK9  BANK10  BANK11  BANK12  BANK13  BANK14  BANK15
      Params:         0       0       0       0       0       0       0       0       0       0       0       0       0       0       0       0       0
      Locals:         3       0       0       0       0       0       0       0       0       0       0       0       0       0       0       0       0
      Temps:          1       0       0       0       0       0       0       0       0       0       0       0       0       0       0       0       0
      Totals:         4       0       0       0       0       0       0       0       0       0       0       0       0       0       0       0       0
Total ram usage:        4 bytes
 Hardware stack levels used:    1
 Hardware stack levels required when called:    2
 This function calls:
		Nothing
 This function is called by:
		_main
 This function uses a non-reentrant model


 *************** function _Display_Lower_Digit *****************
 Defined at:
		line 194 in file "FireDetector2.c"
 Parameters:    Size  Location     Type
  digit           1    wreg     unsigned char 
 Auto vars:     Size  Location     Type
  digit           1   14[COMRAM] unsigned char 
 Return value:  Size  Location     Type
		None               void
 Registers used:
		wreg, fsr2l, fsr2h, status,2, status,0, prodl, prodh
 Tracked objects:
		On entry : 
		On exit  : 
		Unchanged: 
 Data sizes:     COMRAM   BANK0   BANK1   BANK2   BANK3   BANK4   BANK5   BANK6   BANK7   BANK8   BANK9  BANK10  BANK11  BANK12  BANK13  BANK14  BANK15
      Params:         0       0       0       0       0       0       0       0       0       0       0       0       0       0       0       0       0
      Locals:         1       0       0       0       0       0       0       0       0       0       0       0       0       0       0       0       0
      Temps:          0       0       0       0       0       0       0       0       0       0       0       0       0       0       0       0       0
      Totals:         1       0       0       0       0       0       0       0       0       0       0       0       0       0       0       0       0
Total ram usage:        1 bytes
 Hardware stack levels used:    1
 Hardware stack levels required when called:    2
 This function calls:
		Nothing
 This function is called by:
		_main
 This function uses a non-reentrant model


 *************** function _Delay_One_Sec *****************
 Defined at:
		line 38 in file "FireDetector2.c"
 Parameters:    Size  Location     Type
		None
 Auto vars:     Size  Location     Type
  I               2   14[COMRAM] int 
 Return value:  Size  Location     Type
		None               void
 Registers used:
		wreg, status,2, status,0
 Tracked objects:
		On entry : 
		On exit  : 
		Unchanged: 
 Data sizes:     COMRAM   BANK0   BANK1   BANK2   BANK3   BANK4   BANK5   BANK6   BANK7   BANK8   BANK9  BANK10  BANK11  BANK12  BANK13  BANK14  BANK15
      Params:         0       0       0       0       0       0       0       0       0       0       0       0       0       0       0       0       0
      Locals:         2       0       0       0       0       0       0       0       0       0       0       0       0       0       0       0       0
      Temps:          0       0       0       0       0       0       0       0       0       0       0       0       0       0       0       0       0
      Totals:         2       0       0       0       0       0       0       0       0       0       0       0       0       0       0       0       0
Total ram usage:        2 bytes
 Hardware stack levels used:    1
 Hardware stack levels required when called:    2
 This function calls:
		Nothing
 This function is called by:
		_main
 This function uses a non-reentrant model


 *************** function _chkisr *****************
 Defined at:
		line 63 in file "FireDetector2.c"
 Parameters:    Size  Location     Type
		None
 Auto vars:     Size  Location     Type
		None
 Return value:  Size  Location     Type
		None               void
 Registers used:
		wreg, status,2, cstack
 Tracked objects:
		On entry : 
		On exit  : 
		Unchanged: 
 Data sizes:     COMRAM   BANK0   BANK1   BANK2   BANK3   BANK4   BANK5   BANK6   BANK7   BANK8   BANK9  BANK10  BANK11  BANK12  BANK13  BANK14  BANK15
      Params:         0       0       0       0       0       0       0       0       0       0       0       0       0       0       0       0       0
      Locals:         0       0       0       0       0       0       0       0       0       0       0       0       0       0       0       0       0
      Temps:         14       0       0       0       0       0       0       0       0       0       0       0       0       0       0       0       0
      Totals:        14       0       0       0       0       0       0       0       0       0       0       0       0       0       0       0       0
Total ram usage:       14 bytes
 Hardware stack levels used:    1
 Hardware stack levels required when called:    1
 This function calls:
		_INT0_ISR
 This function is called by:
		Interrupt level 2
 This function uses a non-reentrant model


 *************** function _INT0_ISR *****************
 Defined at:
		line 57 in file "FireDetector2.c"
 Parameters:    Size  Location     Type
		None
 Auto vars:     Size  Location     Type
		None
 Return value:  Size  Location     Type
		None               void
 Registers used:
		wreg, status,2
 Tracked objects:
		On entry : 
		On exit  : 
		Unchanged: 
 Data sizes:     COMRAM   BANK0   BANK1   BANK2   BANK3   BANK4   BANK5   BANK6   BANK7   BANK8   BANK9  BANK10  BANK11  BANK12  BANK13  BANK14  BANK15
      Params:         0       0       0       0       0       0       0       0       0       0       0       0       0       0       0       0       0
      Locals:         0       0       0       0       0       0       0       0       0       0       0       0       0       0       0       0       0
      Temps:          0       0       0       0       0       0       0       0       0       0       0       0       0       0       0       0       0
      Totals:         0       0       0       0       0       0       0       0       0       0       0       0       0       0       0       0       0
Total ram usage:        0 bytes
 Hardware stack levels used:    1
 This function calls:
		Nothing
 This function is called by:
		_chkisr
 This function uses a non-reentrant model



MODULE INFORMATION

Module		Function		Class		Link	Load	Size
C:\Program Files (x86)\Microchip\xc8\v1.34\sources\common\ftge.c
		___ftge        		CODE           	26FE	0000	151

C:\Program Files (x86)\Microchip\xc8\v1.34\sources\common\ftge.c estimated size: 151

C:\Program Files (x86)\Microchip\xc8\v1.34\sources\common\ftdivl.c
		__tdiv_to_l_   		CODE           	20C8	0000	273

C:\Program Files (x86)\Microchip\xc8\v1.34\sources\common\ftdivl.c estimated size: 273

C:\Program Files (x86)\Microchip\xc8\v1.34\sources\common\ftneg.c
		___ftneg       		CODE           	2C7C	0000	37

C:\Program Files (x86)\Microchip\xc8\v1.34\sources\common\ftneg.c estimated size: 37

C:\Program Files (x86)\Microchip\xc8\v1.34\sources\common\fldivl.c
		__div_to_l_    		CODE           	21D8	0000	267

C:\Program Files (x86)\Microchip\xc8\v1.34\sources\common\fldivl.c estimated size: 267

C:\Program Files (x86)\Microchip\xc8\v1.34\sources\common\ftsub.c
		___ftsub       		CODE           	2B50	0000	69

C:\Program Files (x86)\Microchip\xc8\v1.34\sources\common\ftsub.c estimated size: 69

C:\Program Files (x86)\Microchip\xc8\v1.34\sources\common\float.c
		___ftpack      		CODE           	25A2	0000	199

C:\Program Files (x86)\Microchip\xc8\v1.34\sources\common\float.c estimated size: 199

C:\Program Files (x86)\Microchip\xc8\v1.34\sources\pic18\plib\USART\uopen.c
		_OpenUSART     		CODE           	2984	0000	113

C:\Program Files (x86)\Microchip\xc8\v1.34\sources\pic18\plib\USART\uopen.c estimated size: 113

C:\Program Files (x86)\Microchip\xc8\v1.34\sources\common\lwmod.c
		___lwmod       		CODE           	2B04	0000	77

C:\Program Files (x86)\Microchip\xc8\v1.34\sources\common\lwmod.c estimated size: 77

C:\Program Files (x86)\Microchip\xc8\v1.34\sources\common\awmod.c
		___awmod       		CODE           	2820	0000	131

C:\Program Files (x86)\Microchip\xc8\v1.34\sources\common\awmod.c estimated size: 131

C:\Program Files (x86)\Microchip\xc8\v1.34\sources\common\llmod.c
		___llmod       		CODE           	2914	0000	113

C:\Program Files (x86)\Microchip\xc8\v1.34\sources\common\llmod.c estimated size: 113

C:\Program Files (x86)\Microchip\xc8\v1.34\sources\common\awtoft.c
		___awtoft      		CODE           	2B94	0000	61

C:\Program Files (x86)\Microchip\xc8\v1.34\sources\common\awtoft.c estimated size: 61

C:\Program Files (x86)\Microchip\xc8\v1.34\sources\common\ftmul.c
		___ftmul       		CODE           	22E2	0000	249

C:\Program Files (x86)\Microchip\xc8\v1.34\sources\common\ftmul.c estimated size: 249

C:\Program Files (x86)\Microchip\xc8\v1.34\sources\common\ftdiv.c
		___ftdiv       		CODE           	24C0	0000	227

C:\Program Files (x86)\Microchip\xc8\v1.34\sources\common\ftdiv.c estimated size: 227

C:\Program Files (x86)\Microchip\xc8\v1.34\sources\common\lltoft.c
		___lltoft      		CODE           	29F4	0000	97

C:\Program Files (x86)\Microchip\xc8\v1.34\sources\common\lltoft.c estimated size: 97

shared
		__powers_      		SMALLCONST     	1050	0000	40
		_dpowers       		SMALLCONST     	1001	0000	41
		__npowers_     		SMALLCONST     	1029	0000	40
		__initializatio		CODE           	2BD0	0000	39

shared estimated size: 160

C:\Program Files (x86)\Microchip\xc8\v1.34\sources\common\lwdiv.c
		___lwdiv       		CODE           	2A54	0000	93

C:\Program Files (x86)\Microchip\xc8\v1.34\sources\common\lwdiv.c estimated size: 93

C:\Program Files (x86)\Microchip\xc8\v1.34\sources\common\awdiv.c
		___awdiv       		CODE           	2668	0000	151

C:\Program Files (x86)\Microchip\xc8\v1.34\sources\common\awdiv.c estimated size: 151

FireDetector2.c
		_putch         		CODE           	2D44	0000	15
		_Init_ADC      		CODE           	2D72	0000	11
		_Display_Upper_		CODE           	2AB0	0000	85
		_Display_Lower_		CODE           	2CDE	0000	25
		_Select_ADC_Cha		CODE           	2D52	0000	13
		_main          		CODE           	1F50	0000	377
		_Deactivate_Buz		CODE           	2D86	0000	9
		_init_UART     		CODE           	2D0C	0000	21
		_Do_Flashing   		CODE           	2C00	0000	47
		_init_Interrupt		CODE           	2D68	0000	11
		_Wait_One_Secon		CODE           	2D20	0000	19
		_Wait_Half_Seco		CODE           	2CC4	0000	27
		_get_full_ADC  		CODE           	2C56	0000	39
		_INT0_ISR      		CODE           	2D7C	0000	11
		_init_IO       		CODE           	2CF6	0000	23
		_Delay_One_Sec 		CODE           	2CA0	0000	37
		_Activate_Buzze		CODE           	2D32	0000	19
		_chkisr        		CODE           	0008	0000	131

FireDetector2.c estimated size: 920

C:\Program Files (x86)\Microchip\xc8\v1.34\sources\common\lldiv.c
		___lldiv       		CODE           	2794	0000	141

C:\Program Files (x86)\Microchip\xc8\v1.34\sources\common\lldiv.c estimated size: 141

C:\Program Files (x86)\Microchip\xc8\v1.34\sources\common\doprnt.c
		_scale         		CODE           	1768	0000	993
		_printf        		CODE           	1098	0000	1745
		_fround        		CODE           	1B48	0000	581

C:\Program Files (x86)\Microchip\xc8\v1.34\sources\common\doprnt.c estimated size: 3319

C:\Program Files (x86)\Microchip\xc8\v1.34\sources\common\fttol.c
		___fttol       		CODE           	23DA	0000	231

C:\Program Files (x86)\Microchip\xc8\v1.34\sources\common\fttol.c estimated size: 231

C:\Program Files (x86)\Microchip\xc8\v1.34\sources\common\Umul16.c
		___wmul        		CODE           	2C2E	0000	41

C:\Program Files (x86)\Microchip\xc8\v1.34\sources\common\Umul16.c estimated size: 41

C:\Program Files (x86)\Microchip\xc8\v1.34\sources\common\ftadd.c
		___ftadd       		CODE           	1D8C	0000	453

C:\Program Files (x86)\Microchip\xc8\v1.34\sources\common\ftadd.c estimated size: 453

